2025.06.06 18:23:42.787114 [ 9 ] {} <Warning> Application: Integrity check of the executable skipped because the reference checksum could not be read.
2025.06.06 18:23:43.217432 [ 9 ] {} <Error> Application: Caught exception while setting up access control.: Code: 347. DB::Exception: Poco::Exception. Code: 1000, e.code() = 0, SAXParseException: No element found in '/etc/clickhouse-server/users.d', line 1 column 0, Stack trace (when copying this message, always include the lines below):

0. Poco::XML::SAXParseException::SAXParseException(String const&, Poco::XML::Locator const&) @ 0x0000000015549c94
1. Poco::XML::ParserEngine::handleError(int) @ 0x000000001554ea6c
2. Poco::XML::ParserEngine::parse(Poco::XML::InputSource*) @ 0x000000001554c2a0
3. Poco::XML::SAXParser::parse(String const&) @ 0x000000001554b8ec
4. Poco::XML::DOMBuilder::parse(String const&) @ 0x000000001553d928
5. Poco::XML::DOMParser::parse(String const&) @ 0x000000001553cee0
6. DB::ConfigProcessor::parseConfig(String const&, Poco::XML::DOMParser&) @ 0x0000000012c97720
7. DB::ConfigProcessor::processConfig(bool*, zkutil::ZooKeeperNodeCache*, std::shared_ptr<Poco::Event> const&, bool) @ 0x0000000012c97ea8
8. DB::ConfigProcessor::loadConfig(bool, bool) @ 0x0000000012c9bd00
9. DB::ConfigReloader::reloadIfNewer(bool, bool, bool, bool) @ 0x0000000012ca1dcc
10. DB::ConfigReloader::ConfigReloader(std::basic_string_view<char, std::char_traits<char>>, std::vector<String, std::allocator<String>> const&, String const&, zkutil::ZooKeeperNodeCache&&, std::shared_ptr<Poco::Event> const&, std::function<void (Poco::AutoPtr<Poco::Util::AbstractConfiguration>, bool)>&&) @ 0x0000000012ca0f1c
11. DB::UsersConfigAccessStorage::load(String const&, String const&, String const&, std::function<std::shared_ptr<zkutil::ZooKeeper> ()> const&) @ 0x000000001009d6c4
12. DB::AccessControl::addUsersConfigStorage(String const&, String const&, String const&, String const&, std::function<std::shared_ptr<zkutil::ZooKeeper> ()> const&, bool) @ 0x000000000ff7be94
13. DB::AccessControl::addStoragesFromUserDirectoriesConfig(Poco::Util::AbstractConfiguration const&, String const&, String const&, String const&, String const&, std::function<std::shared_ptr<zkutil::ZooKeeper> ()> const&) @ 0x000000000ff7ef38
14. DB::AccessControl::setupFromMainConfig(Poco::Util::AbstractConfiguration const&, String const&, std::function<std::shared_ptr<zkutil::ZooKeeper> ()> const&) @ 0x000000000ff7a6d0
15. DB::Server::main(std::vector<String, std::allocator<String>> const&) @ 0x000000000da1ea44
16. Poco::Util::Application::run() @ 0x00000000155293dc
17. DB::Server::run() @ 0x000000000da0ecdc
18. mainEntryClickHouseServer(int, char**) @ 0x000000000da0c3a8
19. main @ 0x00000000090c01f4
20. ? @ 0x00000000000273fc
21. ? @ 0x00000000000274cc
 (version 25.5.2.47 (official build)). (CANNOT_LOAD_CONFIG), Stack trace (when copying this message, always include the lines below):

0. DB::Exception::Exception(DB::Exception::MessageMasked&&, int, bool) @ 0x000000000d759a88
1. DB::Exception::Exception(PreformattedMessage const&, int) @ 0x000000000d7d28bc
2. std::__unique_if<DB::Exception>::__unique_single std::make_unique[abi:ne190107]<DB::Exception, PreformattedMessage const&, int const&>(PreformattedMessage const&, int const&) @ 0x0000000012ca4fc8
3. DB::ConfigReloader::reloadIfNewer(bool, bool, bool, bool) @ 0x0000000012ca36d4
4. DB::ConfigReloader::ConfigReloader(std::basic_string_view<char, std::char_traits<char>>, std::vector<String, std::allocator<String>> const&, String const&, zkutil::ZooKeeperNodeCache&&, std::shared_ptr<Poco::Event> const&, std::function<void (Poco::AutoPtr<Poco::Util::AbstractConfiguration>, bool)>&&) @ 0x0000000012ca0f1c
5. DB::UsersConfigAccessStorage::load(String const&, String const&, String const&, std::function<std::shared_ptr<zkutil::ZooKeeper> ()> const&) @ 0x000000001009d6c4
6. DB::AccessControl::addUsersConfigStorage(String const&, String const&, String const&, String const&, std::function<std::shared_ptr<zkutil::ZooKeeper> ()> const&, bool) @ 0x000000000ff7be94
7. DB::AccessControl::addStoragesFromUserDirectoriesConfig(Poco::Util::AbstractConfiguration const&, String const&, String const&, String const&, String const&, std::function<std::shared_ptr<zkutil::ZooKeeper> ()> const&) @ 0x000000000ff7ef38
8. DB::AccessControl::setupFromMainConfig(Poco::Util::AbstractConfiguration const&, String const&, std::function<std::shared_ptr<zkutil::ZooKeeper> ()> const&) @ 0x000000000ff7a6d0
9. DB::Server::main(std::vector<String, std::allocator<String>> const&) @ 0x000000000da1ea44
10. Poco::Util::Application::run() @ 0x00000000155293dc
11. DB::Server::run() @ 0x000000000da0ecdc
12. mainEntryClickHouseServer(int, char**) @ 0x000000000da0c3a8
13. main @ 0x00000000090c01f4
14. ? @ 0x00000000000273fc
15. ? @ 0x00000000000274cc
 (version 25.5.2.47 (official build))
2025.06.06 18:23:43.240421 [ 9 ] {} <Error> Application: Code: 347. DB::Exception: Poco::Exception. Code: 1000, e.code() = 0, SAXParseException: No element found in '/etc/clickhouse-server/users.d', line 1 column 0, Stack trace (when copying this message, always include the lines below):

0. Poco::XML::SAXParseException::SAXParseException(String const&, Poco::XML::Locator const&) @ 0x0000000015549c94
1. Poco::XML::ParserEngine::handleError(int) @ 0x000000001554ea6c
2. Poco::XML::ParserEngine::parse(Poco::XML::InputSource*) @ 0x000000001554c2a0
3. Poco::XML::SAXParser::parse(String const&) @ 0x000000001554b8ec
4. Poco::XML::DOMBuilder::parse(String const&) @ 0x000000001553d928
5. Poco::XML::DOMParser::parse(String const&) @ 0x000000001553cee0
6. DB::ConfigProcessor::parseConfig(String const&, Poco::XML::DOMParser&) @ 0x0000000012c97720
7. DB::ConfigProcessor::processConfig(bool*, zkutil::ZooKeeperNodeCache*, std::shared_ptr<Poco::Event> const&, bool) @ 0x0000000012c97ea8
8. DB::ConfigProcessor::loadConfig(bool, bool) @ 0x0000000012c9bd00
9. DB::ConfigReloader::reloadIfNewer(bool, bool, bool, bool) @ 0x0000000012ca1dcc
10. DB::ConfigReloader::ConfigReloader(std::basic_string_view<char, std::char_traits<char>>, std::vector<String, std::allocator<String>> const&, String const&, zkutil::ZooKeeperNodeCache&&, std::shared_ptr<Poco::Event> const&, std::function<void (Poco::AutoPtr<Poco::Util::AbstractConfiguration>, bool)>&&) @ 0x0000000012ca0f1c
11. DB::UsersConfigAccessStorage::load(String const&, String const&, String const&, std::function<std::shared_ptr<zkutil::ZooKeeper> ()> const&) @ 0x000000001009d6c4
12. DB::AccessControl::addUsersConfigStorage(String const&, String const&, String const&, String const&, std::function<std::shared_ptr<zkutil::ZooKeeper> ()> const&, bool) @ 0x000000000ff7be94
13. DB::AccessControl::addStoragesFromUserDirectoriesConfig(Poco::Util::AbstractConfiguration const&, String const&, String const&, String const&, String const&, std::function<std::shared_ptr<zkutil::ZooKeeper> ()> const&) @ 0x000000000ff7ef38
14. DB::AccessControl::setupFromMainConfig(Poco::Util::AbstractConfiguration const&, String const&, std::function<std::shared_ptr<zkutil::ZooKeeper> ()> const&) @ 0x000000000ff7a6d0
15. DB::Server::main(std::vector<String, std::allocator<String>> const&) @ 0x000000000da1ea44
16. Poco::Util::Application::run() @ 0x00000000155293dc
17. DB::Server::run() @ 0x000000000da0ecdc
18. mainEntryClickHouseServer(int, char**) @ 0x000000000da0c3a8
19. main @ 0x00000000090c01f4
20. ? @ 0x00000000000273fc
21. ? @ 0x00000000000274cc
 (version 25.5.2.47 (official build)). (CANNOT_LOAD_CONFIG), Stack trace (when copying this message, always include the lines below):

0. DB::Exception::Exception(DB::Exception::MessageMasked&&, int, bool) @ 0x000000000d759a88
1. DB::Exception::Exception(PreformattedMessage const&, int) @ 0x000000000d7d28bc
2. std::__unique_if<DB::Exception>::__unique_single std::make_unique[abi:ne190107]<DB::Exception, PreformattedMessage const&, int const&>(PreformattedMessage const&, int const&) @ 0x0000000012ca4fc8
3. DB::ConfigReloader::reloadIfNewer(bool, bool, bool, bool) @ 0x0000000012ca36d4
4. DB::ConfigReloader::ConfigReloader(std::basic_string_view<char, std::char_traits<char>>, std::vector<String, std::allocator<String>> const&, String const&, zkutil::ZooKeeperNodeCache&&, std::shared_ptr<Poco::Event> const&, std::function<void (Poco::AutoPtr<Poco::Util::AbstractConfiguration>, bool)>&&) @ 0x0000000012ca0f1c
5. DB::UsersConfigAccessStorage::load(String const&, String const&, String const&, std::function<std::shared_ptr<zkutil::ZooKeeper> ()> const&) @ 0x000000001009d6c4
6. DB::AccessControl::addUsersConfigStorage(String const&, String const&, String const&, String const&, std::function<std::shared_ptr<zkutil::ZooKeeper> ()> const&, bool) @ 0x000000000ff7be94
7. DB::AccessControl::addStoragesFromUserDirectoriesConfig(Poco::Util::AbstractConfiguration const&, String const&, String const&, String const&, String const&, std::function<std::shared_ptr<zkutil::ZooKeeper> ()> const&) @ 0x000000000ff7ef38
8. DB::AccessControl::setupFromMainConfig(Poco::Util::AbstractConfiguration const&, String const&, std::function<std::shared_ptr<zkutil::ZooKeeper> ()> const&) @ 0x000000000ff7a6d0
9. DB::Server::main(std::vector<String, std::allocator<String>> const&) @ 0x000000000da1ea44
10. Poco::Util::Application::run() @ 0x00000000155293dc
11. DB::Server::run() @ 0x000000000da0ecdc
12. mainEntryClickHouseServer(int, char**) @ 0x000000000da0c3a8
13. main @ 0x00000000090c01f4
14. ? @ 0x00000000000273fc
15. ? @ 0x00000000000274cc
 (version 25.5.2.47 (official build))
